---
source: crates/jett_hir/src/lib.rs
assertion_line: 7225
expression: program
---
Program {
    resource_manifest: ResourceManifest {
        data: None,
    },
    resource_source: ResourceSourceArchive {
        authenticated: false,
    },
    functions: [
        Function {
            id: FunctionId(
                0,
            ),
            identity: FunctionIdentity {
                scoped_type_bindings: [],
                declaration: DeclarationId {
                    origin: Project,
                    namespace: "app",
                    name: "parse",
                    kind: Function,
                },
                type_arguments: [],
                specialization: CheckedGenericSpecialization {
                    type_argument_kinds: [],
                    type_argument_reflections: [],
                    type_info_kinds: [],
                    type_info_primitives: [],
                    type_kind_values: [],
                    type_primitive_values: [],
                },
            },
            debug_kind: Named(
                "app.parse",
            ),
            source_definition: Some(
                DefId(
                    52,
                ),
            ),
            params: [
                Param {
                    local: LocalId(
                        0,
                    ),
                    name: "raw",
                    ty: TypeId(
                        10,
                    ),
                    mode: Owned,
                    mutable: false,
                    span: Span {
                        file: FileId(
                            0,
                        ),
                        start: 78,
                        end: 89,
                    },
                },
            ],
            capture_count: 0,
            return_type: TypeId(
                48,
            ),
            locals: [
                Local {
                    id: LocalId(
                        0,
                    ),
                    name: "raw",
                    ty: TypeId(
                        10,
                    ),
                    debug_ty: TypeId(
                        10,
                    ),
                    debug_type_name: Some(
                        "string",
                    ),
                    mutable: false,
                    view_source: None,
                    span: Span {
                        file: FileId(
                            0,
                        ),
                        start: 78,
                        end: 89,
                    },
                },
            ],
            body: Block {
                statements: [
                    Statement {
                        kind: Return(
                            Some(
                                Expression {
                                    kind: ResultOk(
                                        Expression {
                                            kind: EnumConstruct {
                                                enum_type: TypeId(
                                                    47,
                                                ),
                                                variant: VariantId(
                                                    0,
                                                ),
                                                payloads: [
                                                    Expression {
                                                        kind: Int(
                                                            1,
                                                        ),
                                                        ty: TypeId(
                                                            3,
                                                        ),
                                                        span: Span {
                                                            file: FileId(
                                                                0,
                                                            ),
                                                            start: 149,
                                                            end: 150,
                                                        },
                                                    },
                                                ],
                                                evaluation_order: [
                                                    0,
                                                ],
                                            },
                                            ty: TypeId(
                                                47,
                                            ),
                                            span: Span {
                                                file: FileId(
                                                    0,
                                                ),
                                                start: 136,
                                                end: 151,
                                            },
                                        },
                                    ),
                                    ty: TypeId(
                                        48,
                                    ),
                                    span: Span {
                                        file: FileId(
                                            0,
                                        ),
                                        start: 133,
                                        end: 152,
                                    },
                                },
                            ),
                        ),
                        span: Span {
                            file: FileId(
                                0,
                            ),
                            start: 126,
                            end: 152,
                        },
                    },
                ],
                span: Span {
                    file: FileId(
                        0,
                    ),
                    start: 126,
                    end: 153,
                },
            },
            span: Span {
                file: FileId(
                    0,
                ),
                start: 63,
                end: 153,
            },
        },
        Function {
            id: FunctionId(
                1,
            ),
            identity: FunctionIdentity {
                scoped_type_bindings: [],
                declaration: DeclarationId {
                    origin: Project,
                    namespace: "app",
                    name: "main",
                    kind: Function,
                },
                type_arguments: [],
                specialization: CheckedGenericSpecialization {
                    type_argument_kinds: [],
                    type_argument_reflections: [],
                    type_info_kinds: [],
                    type_info_primitives: [],
                    type_kind_values: [],
                    type_primitive_values: [],
                },
            },
            debug_kind: Named(
                "app.main",
            ),
            source_definition: Some(
                DefId(
                    53,
                ),
            ),
            params: [],
            capture_count: 0,
            return_type: TypeId(
                3,
            ),
            locals: [
                Local {
                    id: LocalId(
                        0,
                    ),
                    name: "error",
                    ty: TypeId(
                        10,
                    ),
                    debug_ty: TypeId(
                        10,
                    ),
                    debug_type_name: None,
                    mutable: false,
                    view_source: None,
                    span: Span {
                        file: FileId(
                            0,
                        ),
                        start: 220,
                        end: 225,
                    },
                },
                Local {
                    id: LocalId(
                        1,
                    ),
                    name: "value",
                    ty: TypeId(
                        47,
                    ),
                    debug_ty: TypeId(
                        47,
                    ),
                    debug_type_name: Some(
                        "app.Value",
                    ),
                    mutable: false,
                    view_source: None,
                    span: Span {
                        file: FileId(
                            0,
                        ),
                        start: 188,
                        end: 261,
                    },
                },
                Local {
                    id: LocalId(
                        2,
                    ),
                    name: "number",
                    ty: TypeId(
                        3,
                    ),
                    debug_ty: TypeId(
                        3,
                    ),
                    debug_type_name: None,
                    mutable: false,
                    view_source: None,
                    span: Span {
                        file: FileId(
                            0,
                        ),
                        start: 289,
                        end: 295,
                    },
                },
            ],
            body: Block {
                statements: [
                    Statement {
                        kind: Let {
                            local: LocalId(
                                1,
                            ),
                            value: Expression {
                                kind: Handle {
                                    target: Expression {
                                        kind: Call {
                                            function: FunctionId(
                                                0,
                                            ),
                                            args: [
                                                Expression {
                                                    kind: String(
                                                        "x",
                                                    ),
                                                    ty: TypeId(
                                                        10,
                                                    ),
                                                    span: Span {
                                                        file: FileId(
                                                            0,
                                                        ),
                                                        start: 208,
                                                        end: 211,
                                                    },
                                                },
                                            ],
                                            evaluation_order: [
                                                0,
                                            ],
                                            ownership: Source(
                                                SourceCallOwnership {
                                                    target: Function(
                                                        FunctionId(
                                                            0,
                                                        ),
                                                    ),
                                                    shape: Function {
                                                        signature_type: TypeId(
                                                            49,
                                                        ),
                                                    },
                                                    context: Ordinary,
                                                    arguments: [
                                                        ArgumentOwnership {
                                                            source_span: Span {
                                                                file: FileId(
                                                                    0,
                                                                ),
                                                                start: 208,
                                                                end: 211,
                                                            },
                                                            source_index: 0,
                                                            parameter_index: 0,
                                                            actual_type: TypeId(
                                                                10,
                                                            ),
                                                            parameter_type: TypeId(
                                                                10,
                                                            ),
                                                            syntax: Bare,
                                                            origin: OwnedExpression,
                                                            callee_access: Owned,
                                                            physical_access: Owned,
                                                            effect: Copy,
                                                            staging: Original,
                                                            witness: SourceArgumentWitness {
                                                                source_span: Span {
                                                                    file: FileId(
                                                                        0,
                                                                    ),
                                                                    start: 208,
                                                                    end: 211,
                                                                },
                                                                source_index: 0,
                                                                parameter_index: 0,
                                                                actual_type: TypeId(
                                                                    10,
                                                                ),
                                                                occurrence_type: TypeId(
                                                                    10,
                                                                ),
                                                                parameter_type: TypeId(
                                                                    10,
                                                                ),
                                                                syntax: Bare,
                                                                origin: OwnedExpression,
                                                                callee_access: Owned,
                                                                effect: Copy,
                                                                context: Ordinary,
                                                                observation: None,
                                                                handled_result: None,
                                                                projection_root: None,
                                                            },
                                                            retained_snapshot: None,
                                                        },
                                                    ],
                                                    bridge: Direct,
                                                    generated_operands: [],
                                                    certificate: SourceCallCertificate {
                                                        result_type: TypeId(
                                                            48,
                                                        ),
                                                        generated_operands: [],
                                                        target: Function(
                                                            FunctionId(
                                                                0,
                                                            ),
                                                        ),
                                                        shape: Function {
                                                            signature_type: TypeId(
                                                                49,
                                                            ),
                                                        },
                                                        context: Ordinary,
                                                        bridge: Direct,
                                                    },
                                                },
                                            ),
                                        },
                                        ty: TypeId(
                                            48,
                                        ),
                                        span: Span {
                                            file: FileId(
                                                0,
                                            ),
                                            start: 202,
                                            end: 212,
                                        },
                                    },
                                    kind: Result,
                                    error_local: Some(
                                        LocalId(
                                            0,
                                        ),
                                    ),
                                    failure: Block {
                                        statements: [
                                            Statement {
                                                kind: HandleDefault(
                                                    Expression {
                                                        kind: EnumConstruct {
                                                            enum_type: TypeId(
                                                                47,
                                                            ),
                                                            variant: VariantId(
                                                                1,
                                                            ),
                                                            payloads: [],
                                                            evaluation_order: [],
                                                        },
                                                        ty: TypeId(
                                                            47,
                                                        ),
                                                        span: Span {
                                                            file: FileId(
                                                                0,
                                                            ),
                                                            start: 243,
                                                            end: 256,
                                                        },
                                                    },
                                                ),
                                                span: Span {
                                                    file: FileId(
                                                        0,
                                                    ),
                                                    start: 235,
                                                    end: 256,
                                                },
                                            },
                                        ],
                                        span: Span {
                                            file: FileId(
                                                0,
                                            ),
                                            start: 235,
                                            end: 261,
                                        },
                                    },
                                },
                                ty: TypeId(
                                    47,
                                ),
                                span: Span {
                                    file: FileId(
                                        0,
                                    ),
                                    start: 202,
                                    end: 261,
                                },
                            },
                        },
                        span: Span {
                            file: FileId(
                                0,
                            ),
                            start: 188,
                            end: 261,
                        },
                    },
                    Statement {
                        kind: Match {
                            scrutinee: Expression {
                                kind: Local(
                                    LocalId(
                                        1,
                                    ),
                                ),
                                ty: TypeId(
                                    47,
                                ),
                                span: Span {
                                    file: FileId(
                                        0,
                                    ),
                                    start: 267,
                                    end: 272,
                                },
                            },
                            arms: [
                                MatchArm {
                                    variant: Some(
                                        VariantId(
                                            0,
                                        ),
                                    ),
                                    bindings: [
                                        LocalId(
                                            2,
                                        ),
                                    ],
                                    body: Block {
                                        statements: [
                                            Statement {
                                                kind: Return(
                                                    Some(
                                                        Expression {
                                                            kind: Local(
                                                                LocalId(
                                                                    2,
                                                                ),
                                                            ),
                                                            ty: TypeId(
                                                                3,
                                                            ),
                                                            span: Span {
                                                                file: FileId(
                                                                    0,
                                                                ),
                                                                start: 317,
                                                                end: 323,
                                                            },
                                                        },
                                                    ),
                                                ),
                                                span: Span {
                                                    file: FileId(
                                                        0,
                                                    ),
                                                    start: 310,
                                                    end: 323,
                                                },
                                            },
                                        ],
                                        span: Span {
                                            file: FileId(
                                                0,
                                            ),
                                            start: 310,
                                            end: 332,
                                        },
                                    },
                                    span: Span {
                                        file: FileId(
                                            0,
                                        ),
                                        start: 282,
                                        end: 332,
                                    },
                                },
                                MatchArm {
                                    variant: Some(
                                        VariantId(
                                            1,
                                        ),
                                    ),
                                    bindings: [],
                                    body: Block {
                                        statements: [
                                            Statement {
                                                kind: Return(
                                                    Some(
                                                        Expression {
                                                            kind: Int(
                                                                0,
                                                            ),
                                                            ty: TypeId(
                                                                3,
                                                            ),
                                                            span: Span {
                                                                file: FileId(
                                                                    0,
                                                                ),
                                                                start: 360,
                                                                end: 361,
                                                            },
                                                        },
                                                    ),
                                                ),
                                                span: Span {
                                                    file: FileId(
                                                        0,
                                                    ),
                                                    start: 353,
                                                    end: 361,
                                                },
                                            },
                                        ],
                                        span: Span {
                                            file: FileId(
                                                0,
                                            ),
                                            start: 353,
                                            end: 362,
                                        },
                                    },
                                    span: Span {
                                        file: FileId(
                                            0,
                                        ),
                                        start: 332,
                                        end: 362,
                                    },
                                },
                            ],
                        },
                        span: Span {
                            file: FileId(
                                0,
                            ),
                            start: 261,
                            end: 362,
                        },
                    },
                ],
                span: Span {
                    file: FileId(
                        0,
                    ),
                    start: 188,
                    end: 362,
                },
            },
            span: Span {
                file: FileId(
                    0,
                ),
                start: 153,
                end: 362,
            },
        },
    ],
    equality_methods: {},
}
